cbmgcjuelocrondxiwlo
dpfeiiekpcaswjuhtubj
ekyvqfuqbbcgeumofjau
fngeuwjxojnalnfiquao
gnsenejvzcnkrreublfd
yghsxvrppqyxspweuflr
