acbcpcjynpkkvqneorlr
adwwoaiaeyitlydmqpxt
aftakaveunkvriysuwev
aghyaoikuzlwmbpnmibs
aslcwtvsrxfshqljlqgu
aycysffvptbgblomxdhd
bhxkdtygdffiizytugoy
bichdzyfnmxaenlomobb
bjzqsixnvoxmbonmmhfc
bmmxdpxkypwyncmszdkj
bmxazzafrytidskfawia
bntigaupiovlzhengkkn
bwdanqvisipetcxfpcbq
bxszwmhhsnbkkeflvpvx
cdmoncdjqczgdlttwyha
cekxhjbqbqjmnkhcmtfq
cllfukiqonvmdhychrzb
cureritcdhewwpjykaac
cvjisjutvorqbsdpqofd
dhvsnwhiuxhnimlpdqvn
dlllpemglceinapjabap
dvdtpyolcsvzvfcidaai
dvvohlzrbxollgvhrwwg
dwusxotapswlbpsigncf
eblfpttbpamtidqgatrs
eivckeckwggpvxswdkji
eniwuvupoppzfqzovzwd
eoayulmjolicqiuerdev
eruryeywhrnofagmpgjz
etuuyubrqzahcfecvlrr
fdbgstlgxtjuarritbkt
gaujnkuhiydbzbwtvyle
gfhnthmzcplvbxszkbgm
gmkmqqdybuwzrytanfbk
gqrigllmersuvxyqrxda
gusnofmxamnclxjugfmr
gwzjkeeyoohxnqymqboi
hbgtqisesbarxjkxjcjt
hpdmdvktiligfnebwpgm
hqszxdtsnlbixxslzlxz
hszpeqvggmkwrrnmngof
hujchxbfsejqzjyklpey
hzkjtaekcefceflitkfn
icuyzbdwsyoafdfgwdmd
idnmxsknmqvvpmouakhx
ieleaziqyxmpowkostva
imjifvfyemkhvopkysqo
itliyyyhjtwtxmeawzln
iwohrviqhmapiqzrknyu
iyjeleecsvfdvwtlrkwm
iztsfnotgbiilnmizvor
jfpvmpqwcisjhfltzrvl
jhlbozazcsavscehdzip
jialxqchbqwoanybanoh
jilfbuspfctusdxfnwws
jtuvdwxzrkyspvcvfzyf
jxfgmytrtctksejfcygx
kaoddkcewpfzzisuclwl
kfncotqlqucxowakqqvs
khpxwhzjdhjbnqidyqgt
khvdqhrwohbzgsmwbayz
kjifzfxpkbtifrscprdj
krkxfepbwtrkiafrzowo
lbrzmvkssoztutqhrmqp
leidsaxwedzafibkfqav
lfcuzfsjrlhzzvraetbm
lwcwhhzqarwpifvrduto
lxlmjfnbcnrgnocvvafd
lxrtrpwwfzhmgkgrgwdn
mkwdvbdzfiuinavjvakr
mneazglggysqjhmyawxo
mnimvjdyheoggcdhmgji
monaklakudinipwecscm
muyrvcdozgqoraaabnkg
mvlwnwhkypqzfckrebqn
mvylkqjrbolhbjuynimq
myttdpwqdhgwjbcbllrl
mzmeuzctvhrpqgrxnzts
nezriharrqlwztmrxnnk
nhsaaubanzifcnwvfvxj
nkbblrvicvcvovafauxn
nksrzlkjohkubblxjthm
npflrhntqsxnlsssfvrc
olecwyicdhaaoumermvl
oocycnmptromdhiyqiik
oqmjqsjqkhautynvbmai
patuhmwjqclqjdbiouzd
pgbroriepabziujgqgif
pottwdeckftxjmmnkgax
pqtisvknswujmzazchjy
puwoslsqtrtwgxavzonm
pycwpjihiyxcyrntkyip
pyenigngbnpeyfzeovgt
pyrkjpxgqjgduecnkmcp
qyicxwsaixfdzpwvxaze
rjrscnomoxtklvdjkcur
rllmaapzuiurgmseraog
rngnztafihewtkhjjkjz
rohovejqludikstmqgjk
rvvlwsqsskwfsxtcxymx
sconszcebhhpxxxehrsg
sdhpvyhberbawqlajhea
sgqprwwxgasxdcfudmyt
sgzmwuxpkrmguantqdov
shpshdguvhxczmcsbqlp
syezkpxcunmpgvdpavde
ttmgqlejugphtgatqdmu
tvxkpaufenxsnlypvtvw
txgjbhucaklqufrjmigb
tyrzzzlxpzpsdkwfijll
uktuxxddjociwokqjqub
unawhrjtdtvawibrzzfi
uxjwtxierktljlxleeix
uxlzuwhkbinyrshwcfvx
veljgzmtysggovxitbkt
vnftuldsfelxqjqugnku
vqwtexenndxosmrnbuit
whqnekhyrcyaudgsgotw
wmzfrnatlwapvjlvtrxu
xcdbvhvuoleifozgwmjl
xchortrujxeiczfigbal
xdvczxhaqrfhdeksyjsv
xhwbvjehjkblvqamewof
xlythuxvofakwfngnuoi
xmdyifncrpspkgrdrtvc
xoqbdgibeqlxemyghvan
xwnyziezjbwfylgebbdh
xwvygvcjbqjamzyluwel
xxuneeufdwfymrfgropw
yakpucjtaibnfivylgzg
ymqhbfadhkjitpjruenk
ysgpqmuioggzycmzcpru
yyrhlcvsxgybfwdiugbg
zafymtthaepfncokfkfn
zdcdtpkhstnmadnnilnd
zgmmmgzhphzpgancgbil
zixdqsdpezuphuoufngx
zkpnyrulqvghszkjfmwm
zltqxbphkyhjeptieloo
zplavnkjmighzweoxkug
zqzlaffszeipzmzqagoc
zrshpezwqkyyrjrnhvga
zzpieofovichtowtoxgk
